###############################################################################
#
# IAR ELF Linker V8.40.1.212/W32 for ARM                  15/Jun/2019  18:42:27
# Copyright 2007-2019 IAR Systems AB.
#
#    Output file  =
#        D:\Firmware\TTL USB Bridge\USB_CDC\EWARM\USB_CDC\Exe\USB_CDC.out
#    Map file     =
#        D:\Firmware\TTL USB Bridge\USB_CDC\EWARM\USB_CDC\List\USB_CDC.map
#    Command line =
#        -f C:\Users\leafa\AppData\Local\Temp\EWB767.tmp ("D:\Firmware\TTL USB
#        Bridge\USB_CDC\EWARM\USB_CDC\Obj\dfsdm.o" "D:\Firmware\TTL USB
#        Bridge\USB_CDC\EWARM\USB_CDC\Obj\gpio.o" "D:\Firmware\TTL USB
#        Bridge\USB_CDC\EWARM\USB_CDC\Obj\i2c.o" "D:\Firmware\TTL USB
#        Bridge\USB_CDC\EWARM\USB_CDC\Obj\main.o" "D:\Firmware\TTL USB
#        Bridge\USB_CDC\EWARM\USB_CDC\Obj\quadspi.o" "D:\Firmware\TTL USB
#        Bridge\USB_CDC\EWARM\USB_CDC\Obj\spi.o" "D:\Firmware\TTL USB
#        Bridge\USB_CDC\EWARM\USB_CDC\Obj\startup_stm32l475xx.o"
#        "D:\Firmware\TTL USB Bridge\USB_CDC\EWARM\USB_CDC\Obj\stm32l4xx_hal.o"
#        "D:\Firmware\TTL USB
#        Bridge\USB_CDC\EWARM\USB_CDC\Obj\stm32l4xx_hal_cortex.o"
#        "D:\Firmware\TTL USB
#        Bridge\USB_CDC\EWARM\USB_CDC\Obj\stm32l4xx_hal_dfsdm.o"
#        "D:\Firmware\TTL USB
#        Bridge\USB_CDC\EWARM\USB_CDC\Obj\stm32l4xx_hal_dma.o" "D:\Firmware\TTL
#        USB Bridge\USB_CDC\EWARM\USB_CDC\Obj\stm32l4xx_hal_dma_ex.o"
#        "D:\Firmware\TTL USB
#        Bridge\USB_CDC\EWARM\USB_CDC\Obj\stm32l4xx_hal_exti.o"
#        "D:\Firmware\TTL USB
#        Bridge\USB_CDC\EWARM\USB_CDC\Obj\stm32l4xx_hal_flash.o"
#        "D:\Firmware\TTL USB
#        Bridge\USB_CDC\EWARM\USB_CDC\Obj\stm32l4xx_hal_flash_ex.o"
#        "D:\Firmware\TTL USB
#        Bridge\USB_CDC\EWARM\USB_CDC\Obj\stm32l4xx_hal_flash_ramfunc.o"
#        "D:\Firmware\TTL USB
#        Bridge\USB_CDC\EWARM\USB_CDC\Obj\stm32l4xx_hal_gpio.o"
#        "D:\Firmware\TTL USB
#        Bridge\USB_CDC\EWARM\USB_CDC\Obj\stm32l4xx_hal_i2c.o" "D:\Firmware\TTL
#        USB Bridge\USB_CDC\EWARM\USB_CDC\Obj\stm32l4xx_hal_i2c_ex.o"
#        "D:\Firmware\TTL USB
#        Bridge\USB_CDC\EWARM\USB_CDC\Obj\stm32l4xx_hal_msp.o" "D:\Firmware\TTL
#        USB Bridge\USB_CDC\EWARM\USB_CDC\Obj\stm32l4xx_hal_pcd.o"
#        "D:\Firmware\TTL USB
#        Bridge\USB_CDC\EWARM\USB_CDC\Obj\stm32l4xx_hal_pcd_ex.o"
#        "D:\Firmware\TTL USB
#        Bridge\USB_CDC\EWARM\USB_CDC\Obj\stm32l4xx_hal_pwr.o" "D:\Firmware\TTL
#        USB Bridge\USB_CDC\EWARM\USB_CDC\Obj\stm32l4xx_hal_pwr_ex.o"
#        "D:\Firmware\TTL USB
#        Bridge\USB_CDC\EWARM\USB_CDC\Obj\stm32l4xx_hal_qspi.o"
#        "D:\Firmware\TTL USB
#        Bridge\USB_CDC\EWARM\USB_CDC\Obj\stm32l4xx_hal_rcc.o" "D:\Firmware\TTL
#        USB Bridge\USB_CDC\EWARM\USB_CDC\Obj\stm32l4xx_hal_rcc_ex.o"
#        "D:\Firmware\TTL USB
#        Bridge\USB_CDC\EWARM\USB_CDC\Obj\stm32l4xx_hal_spi.o" "D:\Firmware\TTL
#        USB Bridge\USB_CDC\EWARM\USB_CDC\Obj\stm32l4xx_hal_spi_ex.o"
#        "D:\Firmware\TTL USB
#        Bridge\USB_CDC\EWARM\USB_CDC\Obj\stm32l4xx_hal_tim.o" "D:\Firmware\TTL
#        USB Bridge\USB_CDC\EWARM\USB_CDC\Obj\stm32l4xx_hal_tim_ex.o"
#        "D:\Firmware\TTL USB
#        Bridge\USB_CDC\EWARM\USB_CDC\Obj\stm32l4xx_hal_uart.o"
#        "D:\Firmware\TTL USB
#        Bridge\USB_CDC\EWARM\USB_CDC\Obj\stm32l4xx_hal_uart_ex.o"
#        "D:\Firmware\TTL USB Bridge\USB_CDC\EWARM\USB_CDC\Obj\stm32l4xx_it.o"
#        "D:\Firmware\TTL USB
#        Bridge\USB_CDC\EWARM\USB_CDC\Obj\stm32l4xx_ll_usb.o" "D:\Firmware\TTL
#        USB Bridge\USB_CDC\EWARM\USB_CDC\Obj\system_stm32l4xx.o"
#        "D:\Firmware\TTL USB Bridge\USB_CDC\EWARM\USB_CDC\Obj\usart.o"
#        "D:\Firmware\TTL USB Bridge\USB_CDC\EWARM\USB_CDC\Obj\usb_device.o"
#        "D:\Firmware\TTL USB Bridge\USB_CDC\EWARM\USB_CDC\Obj\usbd_cdc.o"
#        "D:\Firmware\TTL USB Bridge\USB_CDC\EWARM\USB_CDC\Obj\usbd_cdc_if.o"
#        "D:\Firmware\TTL USB Bridge\USB_CDC\EWARM\USB_CDC\Obj\usbd_conf.o"
#        "D:\Firmware\TTL USB Bridge\USB_CDC\EWARM\USB_CDC\Obj\usbd_core.o"
#        "D:\Firmware\TTL USB Bridge\USB_CDC\EWARM\USB_CDC\Obj\usbd_ctlreq.o"
#        "D:\Firmware\TTL USB Bridge\USB_CDC\EWARM\USB_CDC\Obj\usbd_desc.o"
#        "D:\Firmware\TTL USB Bridge\USB_CDC\EWARM\USB_CDC\Obj\usbd_ioreq.o"
#        --redirect _Printf=_PrintfFull --redirect _Scanf=_ScanfFull
#        --no_out_extension -o "D:\Firmware\TTL USB
#        Bridge\USB_CDC\EWARM\USB_CDC\Exe\USB_CDC.out" --map "D:\Firmware\TTL
#        USB Bridge\USB_CDC\EWARM\USB_CDC\List\USB_CDC.map" --config
#        "D:\Firmware\TTL USB Bridge\USB_CDC\EWARM/stm32l475xx_flash.icf"
#        --semihosting --entry __iar_program_start --vfe --text_out locale)
#
###############################################################################

*******************************************************************************
*** RUNTIME MODEL ATTRIBUTES
***

CppFlavor       = *
__SystemLibrary = DLib
__dlib_version  = 6


*******************************************************************************
*** HEAP SELECTION
***

The basic heap was selected because some modules are built with
size limitations (and not runtime checking), and --advanced_heap
was not specified.


*******************************************************************************
*** PLACEMENT SUMMARY
***

"A0":  place at address 0x800'0000 { ro section .intvec };
"P1":  place in [from 0x800'0000 to 0x80f'ffff] { ro };
define block CSTACK with size = 1K, alignment = 8 { };
define block HEAP with size = 512, alignment = 8 { };
"P2":  place in [from 0x2000'0000 to 0x2001'7fff] {
          rw, block CSTACK, block HEAP };
"P3":  place in [from 0x2000'0000 to 0x2001'7fff] { };
initialize by copy { rw };

  Section            Kind         Address    Size  Object
  -------            ----         -------    ----  ------
"A0":                                       0x188
  .intvec            ro code   0x800'0000   0x188  startup_stm32l475xx.o [1]
                             - 0x800'0188   0x188

"P1":                                      0x46c5
  .text              ro code   0x800'0188   0x82e  stm32l4xx_ll_usb.o [1]
  .text              ro code   0x800'09b6    0x3a  zero_init3.o [4]
  .text              ro code   0x800'09f0    0x28  stm32l4xx_hal.o [1]
  .text              ro code   0x800'0a18     0xc  stm32l4xx_hal.o [1]
  .text              ro code   0x800'0a24   0x778  stm32l4xx_hal_pcd.o [1]
  .text              ro code   0x800'119c   0x346  usbd_conf.o [1]
  .text              ro code   0x800'14e4    0x70  stm32l4xx_hal_pcd_ex.o [1]
  .text              ro code   0x800'1554    0x18  ABImemcpy_small.o [4]
  .text              ro code   0x800'156c   0x6d8  stm32l4xx_hal_rcc.o [1]
  .text              ro code   0x800'1c44     0x6  ABImemclr4.o [4]
  .text              ro code   0x800'1c4c    0x98  stm32l4xx_hal_pwr_ex.o [1]
  .text              ro code   0x800'1ce4    0xc4  stm32l4xx_hal_cortex.o [1]
  .text              ro code   0x800'1da8   0x20a  stm32l4xx_hal_gpio.o [1]
  .text              ro code   0x800'1fb2   0x294  usbd_core.o [1]
  .text              ro code   0x800'2248    0xf2  main.o [1]
  .text              ro code   0x800'233c    0x44  stm32l4xx_hal.o [1]
  .text              ro code   0x800'2380    0x32  ABImemset48.o [4]
  .text              ro code   0x800'23b4   0x452  usbd_ctlreq.o [1]
  .text              ro code   0x800'2806    0x60  usbd_ioreq.o [1]
  .text              ro code   0x800'2868    0x1e  stm32l4xx_hal.o [1]
  .text              ro code   0x800'2888   0x282  gpio.o [1]
  .text              ro code   0x800'2b0c    0xb4  dfsdm.o [1]
  .text              ro code   0x800'2bc0    0xc0  i2c.o [1]
  .text              ro code   0x800'2c80    0x9c  quadspi.o [1]
  .text              ro code   0x800'2d1c    0xb4  spi.o [1]
  .text              ro code   0x800'2dd0   0x154  usart.o [1]
  .text              ro code   0x800'2f24    0x54  usb_device.o [1]
  .text              ro code   0x800'2f78    0x84  usbd_cdc_if.o [1]
  .text              ro code   0x800'2ffc    0x10  stm32l4xx_hal_pwr.o [1]
  .text              ro code   0x800'300c   0x550  stm32l4xx_hal_rcc_ex.o [1]
  .text              ro code   0x800'355c    0x30  stm32l4xx_hal_msp.o [1]
  .text              ro code   0x800'358c    0x14  memset.o [4]
  .text              ro code   0x800'35a0   0x160  stm32l4xx_hal_dfsdm.o [1]
  .text              ro code   0x800'3700    0xb0  stm32l4xx_hal_i2c.o [1]
  .text              ro code   0x800'37b0    0x7e  stm32l4xx_hal_i2c_ex.o [1]
  .text              ro code   0x800'3830    0xf6  stm32l4xx_hal_qspi.o [1]
  .text              ro code   0x800'3928    0xae  stm32l4xx_hal_spi.o [1]
  .text              ro code   0x800'39d8   0x4ba  stm32l4xx_hal_uart.o [1]
  .text              ro code   0x800'3e94   0x2c8  usbd_cdc.o [1]
  .text              ro code   0x800'415c    0x66  ABImemset.o [4]
  .text              ro code   0x800'41c4   0x106  I64DivMod_small.o [4]
  .text              ro code   0x800'42cc     0x2  I64DivZer.o [4]
  .text              ro code   0x800'42d0   0x10c  usbd_desc.o [1]
  .text              ro code   0x800'43dc    0x78  lz77_init_single.o [4]
  .text              ro code   0x800'4454    0x6c  stm32l4xx_it.o [1]
  .text              ro code   0x800'44c0    0x10  stm32l4xx_hal.o [1]
  .text              ro code   0x800'44d0    0x5c  system_stm32l4xx.o [1]
  .rodata            const     0x800'452c    0x30  system_stm32l4xx.o [1]
  .text              ro code   0x800'455c    0x28  data_init.o [4]
  .text              ro code   0x800'4584    0x22  fpinit_M.o [3]
  .iar.init_table    const     0x800'45a8    0x20  - Linker created -
  .text              ro code   0x800'45c8    0x1e  cmain.o [4]
  .text              ro code   0x800'45e6     0x4  low_level_init.o [2]
  .text              ro code   0x800'45ea     0x4  exit.o [2]
  .text              ro code   0x800'45f0     0xa  cexit.o [4]
  .text              ro code   0x800'45fc    0x14  exit.o [5]
  .text              ro code   0x800'4610    0x10  startup_stm32l475xx.o [1]
  .text              ro code   0x800'4620     0xc  cstartup_M.o [4]
  .rodata            const     0x800'462c     0x8  system_stm32l4xx.o [1]
  .text              ro code   0x800'4634     0x4  startup_stm32l475xx.o [1]
  .text              ro code   0x800'4638     0x4  startup_stm32l475xx.o [1]
  .text              ro code   0x800'463c     0x4  startup_stm32l475xx.o [1]
  .text              ro code   0x800'4640     0x4  startup_stm32l475xx.o [1]
  .text              ro code   0x800'4644     0x4  startup_stm32l475xx.o [1]
  .text              ro code   0x800'4648     0x4  startup_stm32l475xx.o [1]
  .text              ro code   0x800'464c     0x4  startup_stm32l475xx.o [1]
  .text              ro code   0x800'4650     0x4  startup_stm32l475xx.o [1]
  .text              ro code   0x800'4654     0x4  startup_stm32l475xx.o [1]
  .text              ro code   0x800'4658     0x4  startup_stm32l475xx.o [1]
  .text              ro code   0x800'465c     0x4  startup_stm32l475xx.o [1]
  .text              ro code   0x800'4660     0x4  startup_stm32l475xx.o [1]
  .text              ro code   0x800'4664     0x4  startup_stm32l475xx.o [1]
  .text              ro code   0x800'4668     0x4  startup_stm32l475xx.o [1]
  .text              ro code   0x800'466c     0x4  startup_stm32l475xx.o [1]
  .text              ro code   0x800'4670     0x4  startup_stm32l475xx.o [1]
  .text              ro code   0x800'4674     0x4  startup_stm32l475xx.o [1]
  .text              ro code   0x800'4678     0x4  startup_stm32l475xx.o [1]
  .text              ro code   0x800'467c     0x4  startup_stm32l475xx.o [1]
  .text              ro code   0x800'4680     0x4  startup_stm32l475xx.o [1]
  .text              ro code   0x800'4684     0x4  startup_stm32l475xx.o [1]
  .text              ro code   0x800'4688     0x4  startup_stm32l475xx.o [1]
  .text              ro code   0x800'468c     0x4  startup_stm32l475xx.o [1]
  .text              ro code   0x800'4690     0x4  startup_stm32l475xx.o [1]
  .text              ro code   0x800'4694     0x4  startup_stm32l475xx.o [1]
  .text              ro code   0x800'4698     0x4  startup_stm32l475xx.o [1]
  .text              ro code   0x800'469c     0x4  startup_stm32l475xx.o [1]
  .text              ro code   0x800'46a0     0x4  startup_stm32l475xx.o [1]
  .text              ro code   0x800'46a4     0x4  startup_stm32l475xx.o [1]
  .text              ro code   0x800'46a8     0x4  startup_stm32l475xx.o [1]
  .text              ro code   0x800'46ac     0x4  startup_stm32l475xx.o [1]
  .text              ro code   0x800'46b0     0x4  startup_stm32l475xx.o [1]
  .text              ro code   0x800'46b4     0x4  startup_stm32l475xx.o [1]
  .text              ro code   0x800'46b8     0x4  startup_stm32l475xx.o [1]
  .text              ro code   0x800'46bc     0x4  startup_stm32l475xx.o [1]
  .text              ro code   0x800'46c0     0x4  startup_stm32l475xx.o [1]
  .text              ro code   0x800'46c4     0x4  startup_stm32l475xx.o [1]
  .text              ro code   0x800'46c8     0x4  startup_stm32l475xx.o [1]
  .text              ro code   0x800'46cc     0x4  startup_stm32l475xx.o [1]
  .text              ro code   0x800'46d0     0x4  startup_stm32l475xx.o [1]
  .text              ro code   0x800'46d4     0x4  startup_stm32l475xx.o [1]
  .text              ro code   0x800'46d8     0x4  startup_stm32l475xx.o [1]
  .text              ro code   0x800'46dc     0x4  startup_stm32l475xx.o [1]
  .text              ro code   0x800'46e0     0x4  startup_stm32l475xx.o [1]
  .text              ro code   0x800'46e4     0x4  startup_stm32l475xx.o [1]
  .text              ro code   0x800'46e8     0x4  startup_stm32l475xx.o [1]
  .text              ro code   0x800'46ec     0x4  startup_stm32l475xx.o [1]
  .text              ro code   0x800'46f0     0x4  startup_stm32l475xx.o [1]
  .text              ro code   0x800'46f4     0x4  startup_stm32l475xx.o [1]
  .text              ro code   0x800'46f8     0x4  startup_stm32l475xx.o [1]
  .text              ro code   0x800'46fc     0x4  startup_stm32l475xx.o [1]
  .text              ro code   0x800'4700     0x4  startup_stm32l475xx.o [1]
  .text              ro code   0x800'4704     0x4  startup_stm32l475xx.o [1]
  .text              ro code   0x800'4708     0x4  startup_stm32l475xx.o [1]
  .text              ro code   0x800'470c     0x4  startup_stm32l475xx.o [1]
  .text              ro code   0x800'4710     0x4  startup_stm32l475xx.o [1]
  .text              ro code   0x800'4714     0x4  startup_stm32l475xx.o [1]
  .text              ro code   0x800'4718     0x4  startup_stm32l475xx.o [1]
  .text              ro code   0x800'471c     0x4  startup_stm32l475xx.o [1]
  .text              ro code   0x800'4720     0x4  startup_stm32l475xx.o [1]
  .text              ro code   0x800'4724     0x4  startup_stm32l475xx.o [1]
  .text              ro code   0x800'4728     0x4  startup_stm32l475xx.o [1]
  .text              ro code   0x800'472c     0x4  startup_stm32l475xx.o [1]
  .text              ro code   0x800'4730     0x4  startup_stm32l475xx.o [1]
  .text              ro code   0x800'4734     0x4  startup_stm32l475xx.o [1]
  .text              ro code   0x800'4738     0x4  startup_stm32l475xx.o [1]
  .text              ro code   0x800'473c     0x4  startup_stm32l475xx.o [1]
  .text              ro code   0x800'4740     0x4  startup_stm32l475xx.o [1]
  .text              ro code   0x800'4744     0x4  startup_stm32l475xx.o [1]
  .text              ro code   0x800'4748     0x4  startup_stm32l475xx.o [1]
  .text              ro code   0x800'474c     0x4  startup_stm32l475xx.o [1]
  .text              ro code   0x800'4750     0x4  startup_stm32l475xx.o [1]
  .text              ro code   0x800'4754     0x4  startup_stm32l475xx.o [1]
  .text              ro code   0x800'4758     0x4  startup_stm32l475xx.o [1]
  .text              ro code   0x800'475c     0x4  startup_stm32l475xx.o [1]
  .text              ro code   0x800'4760     0x4  startup_stm32l475xx.o [1]
  .text              ro code   0x800'4764     0x4  startup_stm32l475xx.o [1]
  .rodata            const     0x800'4768     0x0  zero_init3.o [4]
  .rodata            const     0x800'4768     0x0  lz77_init_single.o [4]
  Initializer bytes  const     0x800'4768    0xe5  <for P2-P3-1>
                             - 0x800'484d  0x46c5

"P2-P3", part 1 of 3:                       0x190
  P2-P3-1                     0x2000'0000   0x190  <Init block>
    .data            inited   0x2000'0000     0xc  stm32l4xx_hal.o [1]
    .data            inited   0x2000'000c     0x4  system_stm32l4xx.o [1]
    .data            inited   0x2000'0010     0xc  usbd_cdc.o [1]
    .data            inited   0x2000'001c    0x38  usbd_cdc.o [1]
    .data            inited   0x2000'0054    0x44  usbd_cdc.o [1]
    .data            inited   0x2000'0098    0x44  usbd_cdc.o [1]
    .data            inited   0x2000'00dc    0x44  usbd_cdc.o [1]
    .data            inited   0x2000'0120    0x10  usbd_cdc_if.o [1]
    .data            inited   0x2000'0130    0x20  usbd_desc.o [1]
    .data            inited   0x2000'0150    0x14  usbd_desc.o [1]
    .data            inited   0x2000'0164     0xc  usbd_desc.o [1]
    .data            inited   0x2000'0170     0x4  usbd_desc.o [1]
    .data            inited   0x2000'0174    0x1c  usbd_desc.o [1]
                            - 0x2000'0190   0x190

"P2-P3", part 2 of 3:                      0x1ea0
  .bss               zero     0x2000'0190  0x1000  usbd_cdc_if.o [1]
  .bss               zero     0x2000'1190   0x408  usbd_conf.o [1]
  .bss               zero     0x2000'1598   0x29c  usb_device.o [1]
  .bss               zero     0x2000'1834   0x220  usbd_conf.o [1]
  .bss               zero     0x2000'1a54   0x200  usbd_desc.o [1]
  .bss               zero     0x2000'1c54   0x104  main.o [1]
  .bss               zero     0x2000'1d58    0x80  usart.o [1]
  .bss               zero     0x2000'1dd8    0x80  usart.o [1]
  .bss               zero     0x2000'1e58    0x80  usart.o [1]
  .bss               zero     0x2000'1ed8    0x64  spi.o [1]
  .bss               zero     0x2000'1f3c    0x4c  i2c.o [1]
  .bss               zero     0x2000'1f88    0x44  quadspi.o [1]
  .bss               zero     0x2000'1fcc    0x38  dfsdm.o [1]
  .bss               zero     0x2000'2004    0x24  stm32l4xx_hal_dfsdm.o [1]
  .bss               zero     0x2000'2028     0x4  dfsdm.o [1]
  .bss               zero     0x2000'202c     0x1  usbd_ctlreq.o [1]
                            - 0x2000'202d  0x1e9d

"P2-P3", part 3 of 3:                       0x400
  CSTACK                      0x2000'2030   0x400  <Block>
    CSTACK           uninit   0x2000'2030   0x400  <Block tail>
                            - 0x2000'2430   0x400

Unused ranges:

         From           To      Size
         ----           --      ----
   0x800'484d   0x80f'ffff  0xf'b7b3
  0x2000'2430  0x2001'7fff  0x1'5bd0


*******************************************************************************
*** INIT TABLE
***

          Address      Size
          -------      ----
Zero (__iar_zero_init3)
    1 destination range, total size 0x1e9d:
          0x2000'0190  0x1e9d

Copy/lz77 (__iar_lz77_init_single3)
    1 source range, total size 0xe5 (57% of destination):
           0x800'4768    0xe5
    1 destination range, total size 0x190:
          0x2000'0000   0x190



*******************************************************************************
*** MODULE SUMMARY
***

    Module                  ro code  ro data  rw data
    ------                  -------  -------  -------
command line/config:
    -------------------------------------------------
    Total:

D:\Firmware\TTL USB Bridge\USB_CDC\EWARM\USB_CDC\Obj: [1]
    dfsdm.o                     180                60
    gpio.o                      642
    i2c.o                       192                76
    main.o                      242               260
    quadspi.o                   156                68
    spi.o                       180               100
    startup_stm32l475xx.o       716
    stm32l4xx_hal.o             166        6       12
    stm32l4xx_hal_cortex.o      196
    stm32l4xx_hal_dfsdm.o       352                36
    stm32l4xx_hal_gpio.o        522
    stm32l4xx_hal_i2c.o         176
    stm32l4xx_hal_i2c_ex.o      126
    stm32l4xx_hal_msp.o          48
    stm32l4xx_hal_pcd.o       1'912
    stm32l4xx_hal_pcd_ex.o      112
    stm32l4xx_hal_pwr.o          16
    stm32l4xx_hal_pwr_ex.o      152
    stm32l4xx_hal_qspi.o        246
    stm32l4xx_hal_rcc.o       1'752
    stm32l4xx_hal_rcc_ex.o    1'360
    stm32l4xx_hal_spi.o         174
    stm32l4xx_hal_uart.o      1'210
    stm32l4xx_it.o              108
    stm32l4xx_ll_usb.o        2'094
    system_stm32l4xx.o           92       59        4
    usart.o                     340               384
    usb_device.o                 84               668
    usbd_cdc.o                  712      155      272
    usbd_cdc_if.o               132       10    4'112
    usbd_conf.o                 838             1'576
    usbd_core.o                 660
    usbd_ctlreq.o             1'106                 1
    usbd_desc.o                 268       55      608
    usbd_ioreq.o                 96
    -------------------------------------------------
    Total:                   17'358      285    8'237

dl7M_tlf.a: [2]
    exit.o                        4
    low_level_init.o              4
    -------------------------------------------------
    Total:                        8

m7M_tls.a: [3]
    fpinit_M.o                   34
    -------------------------------------------------
    Total:                       34

rt7M_tl.a: [4]
    ABImemclr4.o                  6
    ABImemcpy_small.o            24
    ABImemset.o                 102
    ABImemset48.o                50
    I64DivMod_small.o           262
    I64DivZer.o                   2
    cexit.o                      10
    cmain.o                      30
    cstartup_M.o                 12
    data_init.o                  40
    lz77_init_single.o          120
    memset.o                     20
    zero_init3.o                 58
    -------------------------------------------------
    Total:                      736

shb_l.a: [5]
    exit.o                       20
    -------------------------------------------------
    Total:                       20

    Gaps                         34        2
    Linker created                        32    1'024
-----------------------------------------------------
    Grand Total:             18'190      319    9'261


*******************************************************************************
*** ENTRY LIST
***

Entry                       Address   Size  Type      Object
-----                       -------   ----  ----      ------
.iar.init_table$$Base    0x800'45a8          --   Gb  - Linker created -
.iar.init_table$$Limit   0x800'45c8          --   Gb  - Linker created -
?main                    0x800'45c9         Code  Gb  cmain.o [4]
AHBPrescTable            0x800'451c   0x10  Data  Gb  system_stm32l4xx.o [1]
APBPrescTable            0x800'462c    0x8  Data  Gb  system_stm32l4xx.o [1]
BusFault_Handler         0x800'445b    0x2  Code  Gb  stm32l4xx_it.o [1]
CDC_Control_FS           0x800'2f9b    0x4  Code  Lc  usbd_cdc_if.o [1]
CDC_DeInit_FS            0x800'2f97    0x4  Code  Lc  usbd_cdc_if.o [1]
CDC_Init_FS              0x800'2f79   0x1e  Code  Lc  usbd_cdc_if.o [1]
CDC_Receive_FS           0x800'2f9f   0x28  Code  Lc  usbd_cdc_if.o [1]
CDC_Transmit_FS          0x800'2fc7   0x26  Code  Gb  usbd_cdc_if.o [1]
CSTACK$$Base            0x2000'2030          --   Gb  - Linker created -
CSTACK$$Limit           0x2000'2430          --   Gb  - Linker created -
DFSDM1_Init             0x2000'2028    0x4  Data  Lc  dfsdm.o [1]
DFSDM_GetChannelFromInstance
                         0x800'3689   0x50  Code  Lc  stm32l4xx_hal_dfsdm.o [1]
DebugMon_Handler         0x800'4461    0x2  Code  Gb  stm32l4xx_it.o [1]
EXTI15_10_IRQHandler     0x800'4489   0x2e  Code  Gb  stm32l4xx_it.o [1]
EXTI9_5_IRQHandler       0x800'4469   0x20  Code  Gb  stm32l4xx_it.o [1]
Error_Handler            0x800'2339    0x2  Code  Gb  main.o [1]
FS_Desc                 0x2000'0130   0x20  Data  Gb  usbd_desc.o [1]
HAL_DFSDM_ChannelInit    0x800'35a1   0xd8  Code  Gb  stm32l4xx_hal_dfsdm.o [1]
HAL_DFSDM_ChannelMspInit
                         0x800'2b4b   0x60  Code  Gb  dfsdm.o [1]
HAL_Delay                0x800'09f1   0x28  Code  Wk  stm32l4xx_hal.o [1]
HAL_GPIO_EXTI_IRQHandler
                         0x800'1f77   0x10  Code  Gb  stm32l4xx_hal_gpio.o [1]
HAL_GPIO_Init            0x800'1da9  0x1c4  Code  Gb  stm32l4xx_hal_gpio.o [1]
HAL_GPIO_WritePin        0x800'1f6d    0xa  Code  Gb  stm32l4xx_hal_gpio.o [1]
HAL_GetTick              0x800'0a19    0xc  Code  Wk  stm32l4xx_hal.o [1]
HAL_I2CEx_ConfigAnalogFilter
                         0x800'37b1   0x2a  Code  Gb  stm32l4xx_hal_i2c_ex.o [1]
HAL_I2CEx_ConfigDigitalFilter
                         0x800'37db   0x26  Code  Gb  stm32l4xx_hal_i2c_ex.o [1]
HAL_I2C_Init             0x800'3701   0xa0  Code  Gb  stm32l4xx_hal_i2c.o [1]
HAL_I2C_MspInit          0x800'2c0d   0x60  Code  Gb  i2c.o [1]
HAL_IncTick              0x800'44c1   0x10  Code  Wk  stm32l4xx_hal.o [1]
HAL_Init                 0x800'2869   0x1e  Code  Gb  stm32l4xx_hal.o [1]
HAL_InitTick             0x800'233d   0x44  Code  Wk  stm32l4xx_hal.o [1]
HAL_MspInit              0x800'355d   0x30  Code  Gb  stm32l4xx_hal_msp.o [1]
HAL_NVIC_EnableIRQ       0x800'1d53   0x16  Code  Gb  stm32l4xx_hal_cortex.o [1]
HAL_NVIC_SetPriority     0x800'1d19   0x3a  Code  Gb  stm32l4xx_hal_cortex.o [1]
HAL_NVIC_SetPriorityGrouping
                         0x800'1cff   0x1a  Code  Gb  stm32l4xx_hal_cortex.o [1]
HAL_PCDEx_ActivateLPM    0x800'152f   0x26  Code  Gb  stm32l4xx_hal_pcd_ex.o [1]
HAL_PCDEx_LPM_Callback   0x800'1465   0x40  Code  Gb  usbd_conf.o [1]
HAL_PCDEx_SetRxFiFo      0x800'1527    0x8  Code  Gb  stm32l4xx_hal_pcd_ex.o [1]
HAL_PCDEx_SetTxFiFo      0x800'14e5   0x42  Code  Gb  stm32l4xx_hal_pcd_ex.o [1]
HAL_PCD_ConnectCallback
                         0x800'12ff    0x8  Code  Gb  usbd_conf.o [1]
HAL_PCD_DataInStageCallback
                         0x800'1273   0x12  Code  Gb  usbd_conf.o [1]
HAL_PCD_DataOutStageCallback
                         0x800'125f   0x14  Code  Gb  usbd_conf.o [1]
HAL_PCD_DisconnectCallback
                         0x800'1307    0x8  Code  Gb  usbd_conf.o [1]
HAL_PCD_EP_Close         0x800'104d   0x20  Code  Gb  stm32l4xx_hal_pcd.o [1]
HAL_PCD_EP_ClrStall      0x800'1139   0x2e  Code  Gb  stm32l4xx_hal_pcd.o [1]
HAL_PCD_EP_GetRxCount    0x800'1087   0x10  Code  Gb  stm32l4xx_hal_pcd.o [1]
HAL_PCD_EP_Open          0x800'0ff7   0x56  Code  Gb  stm32l4xx_hal_pcd.o [1]
HAL_PCD_EP_Receive       0x800'106d   0x1a  Code  Gb  stm32l4xx_hal_pcd.o [1]
HAL_PCD_EP_SetStall      0x800'10d1   0x60  Code  Gb  stm32l4xx_hal_pcd.o [1]
HAL_PCD_EP_Transmit      0x800'1097   0x18  Code  Gb  stm32l4xx_hal_pcd.o [1]
HAL_PCD_IRQHandler       0x800'0b21  0x47e  Code  Gb  stm32l4xx_hal_pcd.o [1]
HAL_PCD_ISOINIncompleteCallback
                         0x800'12f7    0x8  Code  Gb  usbd_conf.o [1]
HAL_PCD_ISOOUTIncompleteCallback
                         0x800'12ef    0x8  Code  Gb  usbd_conf.o [1]
HAL_PCD_Init             0x800'0a25   0xc4  Code  Gb  stm32l4xx_hal_pcd.o [1]
HAL_PCD_MspInit          0x800'119d   0xa0  Code  Gb  usbd_conf.o [1]
HAL_PCD_ResetCallback    0x800'128d   0x24  Code  Gb  usbd_conf.o [1]
HAL_PCD_ResumeCallback   0x800'12c9   0x26  Code  Gb  usbd_conf.o [1]
HAL_PCD_SOFCallback      0x800'1285    0x8  Code  Gb  usbd_conf.o [1]
HAL_PCD_SetAddress       0x800'0fcf   0x1e  Code  Gb  stm32l4xx_hal_pcd.o [1]
HAL_PCD_SetupStageCallback
                         0x800'1253    0xc  Code  Gb  usbd_conf.o [1]
HAL_PCD_Start            0x800'0b01   0x18  Code  Gb  stm32l4xx_hal_pcd.o [1]
HAL_PCD_SuspendCallback
                         0x800'12b1   0x18  Code  Gb  usbd_conf.o [1]
HAL_PWREx_ControlVoltageScaling
                         0x800'1c59   0x5c  Code  Gb  stm32l4xx_hal_pwr_ex.o [1]
HAL_PWREx_EnableVddUSB   0x800'1cb5    0x6  Code  Gb  stm32l4xx_hal_pwr_ex.o [1]
HAL_PWREx_GetVoltageRange
                         0x800'1c4d    0xc  Code  Gb  stm32l4xx_hal_pwr_ex.o [1]
HAL_PWR_EnableBkUpAccess
                         0x800'2ffd    0xc  Code  Gb  stm32l4xx_hal_pwr.o [1]
HAL_QSPI_Init            0x800'3831   0x96  Code  Gb  stm32l4xx_hal_qspi.o [1]
HAL_QSPI_MspInit         0x800'2cab   0x60  Code  Gb  quadspi.o [1]
HAL_RCCEx_EnableMSIPLLMode
                         0x800'3345    0xc  Code  Gb  stm32l4xx_hal_rcc_ex.o [1]
HAL_RCCEx_PeriphCLKConfig
                         0x800'300d  0x31e  Code  Gb  stm32l4xx_hal_rcc_ex.o [1]
HAL_RCC_ClockConfig      0x800'19b9  0x100  Code  Gb  stm32l4xx_hal_rcc.o [1]
HAL_RCC_GetHCLKFreq      0x800'1b5f    0x6  Code  Gb  stm32l4xx_hal_rcc.o [1]
HAL_RCC_GetPCLK1Freq     0x800'1b65   0x10  Code  Gb  stm32l4xx_hal_rcc.o [1]
HAL_RCC_GetPCLK2Freq     0x800'1b75    0xe  Code  Gb  stm32l4xx_hal_rcc.o [1]
HAL_RCC_GetSysClockFreq
                         0x800'1acd   0x92  Code  Gb  stm32l4xx_hal_rcc.o [1]
HAL_RCC_OscConfig        0x800'156d  0x428  Code  Gb  stm32l4xx_hal_rcc.o [1]
HAL_SPI_Init             0x800'3929   0xa2  Code  Gb  stm32l4xx_hal_spi.o [1]
HAL_SPI_MspInit          0x800'2d61   0x60  Code  Gb  spi.o [1]
HAL_SYSTICK_Config       0x800'1d69   0x28  Code  Gb  stm32l4xx_hal_cortex.o [1]
HAL_UART_Init            0x800'39d9   0x30  Code  Gb  stm32l4xx_hal_uart.o [1]
HAL_UART_MspInit         0x800'2e29   0xcc  Code  Gb  usart.o [1]
HardFault_Handler        0x800'4457    0x2  Code  Gb  stm32l4xx_it.o [1]
IntToUnicode             0x800'436d   0x26  Code  Lc  usbd_desc.o [1]
MSIRangeTable            0x800'452c   0x30  Data  Gb  system_stm32l4xx.o [1]
MX_DFSDM1_Init           0x800'2b0d   0x3e  Code  Gb  dfsdm.o [1]
MX_GPIO_Init             0x800'2889  0x20c  Code  Gb  gpio.o [1]
MX_I2C2_Init             0x800'2bc1   0x4c  Code  Gb  i2c.o [1]
MX_QUADSPI_Init          0x800'2c81   0x2a  Code  Gb  quadspi.o [1]
MX_SPI3_Init             0x800'2d1d   0x44  Code  Gb  spi.o [1]
MX_UART4_Init            0x800'2dd1   0x10  Code  Gb  usart.o [1]
MX_USART1_UART_Init      0x800'2de1   0x10  Code  Gb  usart.o [1]
MX_USART3_UART_Init      0x800'2e19   0x10  Code  Gb  usart.o [1]
MX_USB_DEVICE_Init       0x800'2f25   0x54  Code  Gb  usb_device.o [1]
MemManage_Handler        0x800'4459    0x2  Code  Gb  stm32l4xx_it.o [1]
NMI_Handler              0x800'4455    0x2  Code  Gb  stm32l4xx_it.o [1]
OTG_FS_IRQHandler        0x800'44b7    0x6  Code  Gb  stm32l4xx_it.o [1]
PendSV_Handler           0x800'4463    0x2  Code  Gb  stm32l4xx_it.o [1]
QSPI_WaitFlagStateUntilTimeout
                         0x800'38dd   0x4a  Code  Lc  stm32l4xx_hal_qspi.o [1]
RCCEx_PLLSAI1_Config     0x800'3351   0xe6  Code  Lc  stm32l4xx_hal_rcc_ex.o [1]
RCCEx_PLLSAI2_Config     0x800'343d   0xce  Code  Lc  stm32l4xx_hal_rcc_ex.o [1]
RCC_SetFlashLatencyFromMSIRange
                         0x800'1b8d   0x74  Code  Lc  stm32l4xx_hal_rcc.o [1]
Region$$Table$$Base      0x800'45a8          --   Gb  - Linker created -
Region$$Table$$Limit     0x800'45c8          --   Gb  - Linker created -
RxData                  0x2000'1c58  0x100  Data  Gb  main.o [1]
SVC_Handler              0x800'445f    0x2  Code  Gb  stm32l4xx_it.o [1]
SysTick_Handler          0x800'4465    0x4  Code  Gb  stm32l4xx_it.o [1]
SystemClock_Config       0x800'228b   0xa2  Code  Gb  main.o [1]
SystemCoreClock         0x2000'000c    0x4  Data  Gb  system_stm32l4xx.o [1]
SystemInit               0x800'44d1   0x3c  Code  Gb  system_stm32l4xx.o [1]
UART_AdvFeatureConfig    0x800'3d0d   0xc6  Code  Gb  stm32l4xx_hal_uart.o [1]
UART_CheckIdleState      0x800'3dd3   0x5a  Code  Gb  stm32l4xx_hal_uart.o [1]
UART_SetConfig           0x800'3a59  0x276  Code  Gb  stm32l4xx_hal_uart.o [1]
UART_WaitOnFlagUntilTimeout
                         0x800'3e2d   0x5a  Code  Gb  stm32l4xx_hal_uart.o [1]
USBD_CDC                0x2000'001c   0x38  Data  Gb  usbd_cdc.o [1]
USBD_CDC_CfgFSDesc      0x2000'0098   0x44  Data  Gb  usbd_cdc.o [1]
USBD_CDC_CfgHSDesc      0x2000'0054   0x44  Data  Gb  usbd_cdc.o [1]
USBD_CDC_DataIn          0x800'4011   0x4c  Code  Lc  usbd_cdc.o [1]
USBD_CDC_DataOut         0x800'405d   0x2a  Code  Lc  usbd_cdc.o [1]
USBD_CDC_DeInit          0x800'3f25   0x44  Code  Lc  usbd_cdc.o [1]
USBD_CDC_DeviceQualifierDesc
                        0x2000'0010    0xc  Data  Lc  usbd_cdc.o [1]
USBD_CDC_EP0_RxReady     0x800'4087   0x26  Code  Lc  usbd_cdc.o [1]
USBD_CDC_GetDeviceQualifierDescriptor
                         0x800'40c5    0x8  Code  Gb  usbd_cdc.o [1]
USBD_CDC_GetFSCfgDesc    0x800'40ad    0x8  Code  Lc  usbd_cdc.o [1]
USBD_CDC_GetHSCfgDesc    0x800'40b5    0x8  Code  Lc  usbd_cdc.o [1]
USBD_CDC_GetOtherSpeedCfgDesc
                         0x800'40bd    0x8  Code  Lc  usbd_cdc.o [1]
USBD_CDC_Init            0x800'3e95   0x86  Code  Lc  usbd_cdc.o [1]
USBD_CDC_OtherSpeedCfgDesc
                        0x2000'00dc   0x44  Data  Gb  usbd_cdc.o [1]
USBD_CDC_ReceivePacket   0x800'4137   0x26  Code  Gb  usbd_cdc.o [1]
USBD_CDC_RegisterInterface
                         0x800'40dd    0xe  Code  Gb  usbd_cdc.o [1]
USBD_CDC_SetRxBuffer     0x800'40fb    0xc  Code  Gb  usbd_cdc.o [1]
USBD_CDC_SetTxBuffer     0x800'40eb   0x10  Code  Gb  usbd_cdc.o [1]
USBD_CDC_Setup           0x800'3f69   0xa8  Code  Lc  usbd_cdc.o [1]
USBD_CDC_TransmitPacket
                         0x800'4107   0x30  Code  Gb  usbd_cdc.o [1]
USBD_ClrClassConfig      0x800'2009    0xa  Code  Gb  usbd_core.o [1]
USBD_CtlContinueRx       0x800'283b    0x4  Code  Gb  usbd_ioreq.o [1]
USBD_CtlContinueSendData
                         0x800'2817    0x4  Code  Gb  usbd_ioreq.o [1]
USBD_CtlError            0x800'27ab   0x16  Code  Gb  usbd_ctlreq.o [1]
USBD_CtlPrepareRx        0x800'2827   0x14  Code  Gb  usbd_ioreq.o [1]
USBD_CtlReceiveStatus    0x800'2859    0xe  Code  Gb  usbd_ioreq.o [1]
USBD_CtlSendData         0x800'2807   0x10  Code  Gb  usbd_ioreq.o [1]
USBD_CtlSendStatus       0x800'284b    0xe  Code  Gb  usbd_ioreq.o [1]
USBD_FS_BOSDesc         0x2000'0164    0xc  Data  Gb  usbd_desc.o [1]
USBD_FS_ConfigStrDescriptor
                         0x800'432d    0xc  Code  Gb  usbd_desc.o [1]
USBD_FS_DeviceDesc      0x2000'0150   0x14  Data  Gb  usbd_desc.o [1]
USBD_FS_DeviceDescriptor
                         0x800'42d1    0x8  Code  Gb  usbd_desc.o [1]
USBD_FS_InterfaceStrDescriptor
                         0x800'4341    0xc  Code  Gb  usbd_desc.o [1]
USBD_FS_LangIDStrDescriptor
                         0x800'42d9    0x8  Code  Gb  usbd_desc.o [1]
USBD_FS_ManufacturerStrDescriptor
                         0x800'42ed    0xa  Code  Gb  usbd_desc.o [1]
USBD_FS_ProductStrDescriptor
                         0x800'42e1    0xc  Code  Gb  usbd_desc.o [1]
USBD_FS_SerialStrDescriptor
                         0x800'4301   0x2c  Code  Gb  usbd_desc.o [1]
USBD_FS_USR_BOSDescriptor
                         0x800'434d    0x8  Code  Gb  usbd_desc.o [1]
USBD_GetString           0x800'27c1   0x46  Code  Gb  usbd_ctlreq.o [1]
USBD_Init                0x800'1fb3   0x26  Code  Gb  usbd_core.o [1]
USBD_Interface_fops_FS  0x2000'0120   0x10  Data  Gb  usbd_cdc_if.o [1]
USBD_LL_ClearStallEP     0x800'13d7   0x1a  Code  Gb  usbd_conf.o [1]
USBD_LL_CloseEP          0x800'13a3   0x1a  Code  Gb  usbd_conf.o [1]
USBD_LL_DataInStage      0x800'20e9   0xae  Code  Gb  usbd_core.o [1]
USBD_LL_DataOutStage     0x800'2067   0x7a  Code  Gb  usbd_core.o [1]
USBD_LL_DevConnected     0x800'222b    0x4  Code  Gb  usbd_core.o [1]
USBD_LL_DevDisconnected
                         0x800'222f   0x12  Code  Gb  usbd_core.o [1]
USBD_LL_GetRxDataSize    0x800'145d    0x8  Code  Gb  usbd_conf.o [1]
USBD_LL_Init             0x800'130f   0x5a  Code  Gb  usbd_conf.o [1]
USBD_LL_IsStallEP        0x800'13f1   0x1e  Code  Gb  usbd_conf.o [1]
USBD_LL_IsoINIncomplete
                         0x800'2223    0x4  Code  Gb  usbd_core.o [1]
USBD_LL_IsoOUTIncomplete
                         0x800'2227    0x4  Code  Gb  usbd_core.o [1]
USBD_LL_OpenEP           0x800'1383   0x20  Code  Gb  usbd_conf.o [1]
USBD_LL_PrepareReceive   0x800'1443   0x1a  Code  Gb  usbd_conf.o [1]
USBD_LL_Reset            0x800'2197   0x52  Code  Gb  usbd_core.o [1]
USBD_LL_Resume           0x800'21ff    0xc  Code  Gb  usbd_core.o [1]
USBD_LL_SOF              0x800'220b   0x18  Code  Gb  usbd_core.o [1]
USBD_LL_SetSpeed         0x800'21e9    0x6  Code  Gb  usbd_core.o [1]
USBD_LL_SetUSBAddress    0x800'140f   0x1a  Code  Gb  usbd_conf.o [1]
USBD_LL_SetupStage       0x800'2013   0x54  Code  Gb  usbd_core.o [1]
USBD_LL_StallEP          0x800'13bd   0x1a  Code  Gb  usbd_conf.o [1]
USBD_LL_Start            0x800'1369   0x1a  Code  Gb  usbd_conf.o [1]
USBD_LL_Suspend          0x800'21ef   0x10  Code  Gb  usbd_core.o [1]
USBD_LL_Transmit         0x800'1429   0x1a  Code  Gb  usbd_conf.o [1]
USBD_LangIDDesc         0x2000'0170    0x4  Data  Gb  usbd_desc.o [1]
USBD_ParseSetupRequest   0x800'2781   0x2a  Code  Gb  usbd_ctlreq.o [1]
USBD_RegisterClass       0x800'1fd9   0x10  Code  Gb  usbd_core.o [1]
USBD_SetClassConfig      0x800'1ff3   0x16  Code  Gb  usbd_core.o [1]
USBD_SetConfig::cfgidx  0x2000'202c    0x1  Data  Lc  usbd_ctlreq.o [1]
USBD_Start               0x800'1fe9    0xa  Code  Gb  usbd_core.o [1]
USBD_StdDevReq           0x800'23b5  0x24a  Code  Gb  usbd_ctlreq.o [1]
USBD_StdEPReq            0x800'2659  0x11a  Code  Gb  usbd_ctlreq.o [1]
USBD_StdItfReq           0x800'2605   0x42  Code  Gb  usbd_ctlreq.o [1]
USBD_StrDesc            0x2000'1a54  0x200  Data  Gb  usbd_desc.o [1]
USBD_StringSerial       0x2000'0174   0x1c  Data  Gb  usbd_desc.o [1]
USBD_static_free         0x800'14e1    0x2  Code  Gb  usbd_conf.o [1]
USBD_static_malloc       0x800'14cb    0x4  Code  Gb  usbd_conf.o [1]
USBD_static_malloc::mem
                        0x2000'1834  0x220  Data  Lc  usbd_conf.o [1]
USB_ActivateEndpoint     0x800'0491   0x5e  Code  Gb  stm32l4xx_ll_usb.o [1]
USB_ActivateSetup        0x800'08bb   0x2a  Code  Gb  stm32l4xx_ll_usb.o [1]
USB_CoreInit             0x800'0189   0x62  Code  Gb  stm32l4xx_ll_usb.o [1]
USB_CoreReset            0x800'0919   0x2a  Code  Lc  stm32l4xx_ll_usb.o [1]
USB_DeactivateEndpoint   0x800'050b   0x60  Code  Gb  stm32l4xx_ll_usb.o [1]
USB_DevConnect           0x800'082b    0xe  Code  Gb  stm32l4xx_ll_usb.o [1]
USB_DevDisconnect        0x800'0839    0xc  Code  Gb  stm32l4xx_ll_usb.o [1]
USB_DevInit              0x800'02f5  0x140  Code  Gb  stm32l4xx_ll_usb.o [1]
USB_DisableGlobalInt     0x800'02c1    0x6  Code  Gb  stm32l4xx_ll_usb.o [1]
USB_EP0StartXfer         0x800'06b7   0xb6  Code  Gb  stm32l4xx_ll_usb.o [1]
USB_EP0_OutStart         0x800'08e5   0x34  Code  Gb  stm32l4xx_ll_usb.o [1]
USB_EPClearStall         0x800'07dd   0x32  Code  Gb  stm32l4xx_ll_usb.o [1]
USB_EPSetStall           0x800'07ad   0x30  Code  Gb  stm32l4xx_ll_usb.o [1]
USB_EPStartXfer          0x800'0577  0x140  Code  Gb  stm32l4xx_ll_usb.o [1]
USB_EnableGlobalInt      0x800'02b9    0x8  Code  Gb  stm32l4xx_ll_usb.o [1]
USB_FlushRxFifo          0x800'0453   0x1a  Code  Gb  stm32l4xx_ll_usb.o [1]
USB_FlushTxFifo          0x800'0435   0x1e  Code  Gb  stm32l4xx_ll_usb.o [1]
USB_GetDevSpeed          0x800'0477   0x1a  Code  Gb  stm32l4xx_ll_usb.o [1]
USB_GetMode              0x800'08b3    0x8  Code  Gb  stm32l4xx_ll_usb.o [1]
USB_ReadDevAllInEpInterrupt
                         0x800'0869    0xe  Code  Gb  stm32l4xx_ll_usb.o [1]
USB_ReadDevAllOutEpInterrupt
                         0x800'085b    0xe  Code  Gb  stm32l4xx_ll_usb.o [1]
USB_ReadDevInEPInterrupt
                         0x800'088d   0x26  Code  Gb  stm32l4xx_ll_usb.o [1]
USB_ReadDevOutEPInterrupt
                         0x800'0877   0x16  Code  Gb  stm32l4xx_ll_usb.o [1]
USB_ReadInterrupts       0x800'0851    0xa  Code  Gb  stm32l4xx_ll_usb.o [1]
USB_ReadPacket           0x800'078f   0x1e  Code  Gb  stm32l4xx_ll_usb.o [1]
USB_SetCurrentMode       0x800'02cd   0x28  Code  Gb  stm32l4xx_ll_usb.o [1]
USB_SetDevAddress        0x800'080f   0x16  Code  Gb  stm32l4xx_ll_usb.o [1]
USB_SetDevSpeed          0x800'046d    0xa  Code  Gb  stm32l4xx_ll_usb.o [1]
USB_SetTurnaroundTime    0x800'01eb   0xce  Code  Gb  stm32l4xx_ll_usb.o [1]
USB_WritePacket          0x800'076d   0x22  Code  Gb  stm32l4xx_ll_usb.o [1]
UsageFault_Handler       0x800'445d    0x2  Code  Gb  stm32l4xx_it.o [1]
UserRxBufferFS          0x2000'0190  0x800  Data  Gb  usbd_cdc_if.o [1]
UserTxBufferFS          0x2000'0990  0x800  Data  Gb  usbd_cdc_if.o [1]
__NVIC_SetPriority       0x800'1ce5   0x1a  Code  Lc  stm32l4xx_hal_cortex.o [1]
__aeabi_ldiv0            0x800'42cd         Code  Gb  I64DivZer.o [4]
__aeabi_memclr4          0x800'1c45         Code  Gb  ABImemclr4.o [4]
__aeabi_memset           0x800'415d         Code  Gb  ABImemset.o [4]
__cmain                  0x800'45c9         Code  Gb  cmain.o [4]
__exit                   0x800'45fd   0x14  Code  Gb  exit.o [5]
__iar_Memset             0x800'415d         Code  Gb  ABImemset.o [4]
__iar_Memset4_word       0x800'2381         Code  Gb  ABImemset48.o [4]
__iar_Memset8_word       0x800'2381         Code  Gb  ABImemset48.o [4]
__iar_Memset_word        0x800'4165         Code  Gb  ABImemset.o [4]
__iar_data_init3         0x800'455d   0x28  Code  Gb  data_init.o [4]
__iar_init_vfp           0x800'4585         Code  Gb  fpinit_M.o [3]
__iar_lz77_init_single3
                         0x800'43dd   0x78  Code  Gb  lz77_init_single.o [4]
__iar_program_start      0x800'4621         Code  Gb  cstartup_M.o [4]
__iar_small_Memcpy       0x800'1559         Code  Gb  ABImemcpy_small.o [4]
__iar_small_memcpy       0x800'1555         Code  Gb  ABImemcpy_small.o [4]
__iar_small_memcpy4      0x800'1555         Code  Gb  ABImemcpy_small.o [4]
__iar_small_memcpy8      0x800'1555         Code  Gb  ABImemcpy_small.o [4]
__iar_small_uldivmod     0x800'41c5         Code  Gb  I64DivMod_small.o [4]
__iar_zero_init3         0x800'09b7   0x3a  Code  Gb  zero_init3.o [4]
__low_level_init         0x800'45e7    0x4  Code  Gb  low_level_init.o [2]
__vector_table           0x800'0000         Data  Gb  startup_stm32l475xx.o [1]
_call_main               0x800'45d5         Code  Gb  cmain.o [4]
_exit                    0x800'45f1         Code  Gb  cexit.o [4]
_main                    0x800'45e3         Code  Gb  cmain.o [4]
a_dfsdm1ChannelHandle   0x2000'2008   0x20  Data  Lc  stm32l4xx_hal_dfsdm.o [1]
data_received           0x2000'1c54    0x4  Data  Gb  main.o [1]
exit                     0x800'45eb    0x4  Code  Gb  exit.o [2]
hUsbDeviceFS            0x2000'1598  0x29c  Data  Gb  usb_device.o [1]
hdfsdm1_channel1        0x2000'1fcc   0x38  Data  Gb  dfsdm.o [1]
hi2c2                   0x2000'1f3c   0x4c  Data  Gb  i2c.o [1]
hpcd_USB_OTG_FS         0x2000'1190  0x408  Data  Gb  usbd_conf.o [1]
hqspi                   0x2000'1f88   0x44  Data  Gb  quadspi.o [1]
hspi3                   0x2000'1ed8   0x64  Data  Gb  spi.o [1]
huart1                  0x2000'1dd8   0x80  Data  Gb  usart.o [1]
huart3                  0x2000'1e58   0x80  Data  Gb  usart.o [1]
huart4                  0x2000'1d58   0x80  Data  Gb  usart.o [1]
main                     0x800'2249   0x42  Code  Gb  main.o [1]
memset                   0x800'358d   0x14  Code  Gb  memset.o [4]
uwTick                  0x2000'0000    0x4  Data  Gb  stm32l4xx_hal.o [1]
uwTickFreq              0x2000'0008    0x4  Data  Gb  stm32l4xx_hal.o [1]
uwTickPrio              0x2000'0004    0x4  Data  Gb  stm32l4xx_hal.o [1]
v_dfsdm1ChannelCounter  0x2000'2004    0x4  Data  Lc  stm32l4xx_hal_dfsdm.o [1]


[1] = D:\Firmware\TTL USB Bridge\USB_CDC\EWARM\USB_CDC\Obj
[2] = dl7M_tlf.a
[3] = m7M_tls.a
[4] = rt7M_tl.a
[5] = shb_l.a

  18'190 bytes of readonly  code memory
     319 bytes of readonly  data memory
   9'261 bytes of readwrite data memory

Errors: none
Warnings: none
